(*
 * Licensed to Julian Hyde under one or more contributor license
 * agreements.  See the NOTICE file distributed with this work
 * for additional information regarding copyright ownership.
 * Julian Hyde licenses this file to you under the Apache
 * License, Version 2.0 (the "License"); you may not use this
 * file except in compliance with the License.  You may obtain a
 * copy of the License at
 *
 * http://www.apache.org/licenses/LICENSE-2.0
 *
 * Unless required by applicable law or agreed to in writing,
 * software distributed under the License is distributed on an
 * "AS IS" BASIS, WITHOUT WARRANTIES OR CONDITIONS OF ANY KIND,
 * either express or implied.  See the License for the specific
 * language governing permissions and limitations under the
 * License.
 *)

(*) Record and tuple are equivalent.
{1 = "a", 2 = true};
val it = ("a",true) : string * bool

("a", true);
val it = ("a",true) : string * bool

("a", true) = {1 = "a", 2 = true};
val it = true : bool

{1 = "a", 2 = true} = ("a", true);
val it = true : bool

("a", true) = {2 = true, 1 = "a"};
val it = true : bool

("a", true) = {2 = true, 1 = "b"};
val it = false : bool

("a", false) = {1 = "a", 2 = true};
val it = false : bool


(*) Empty record and empty tuple are equivalent, and of type 'unit'.
{};
val it = () : unit

();
val it = () : unit

{} = ();
val it = true : bool

() = {};
val it = true : bool
